// Jest Snapshot v1, https://goo.gl/fbAQLP

exports[`Test snapshot of component Snapshot has not changed 1`] = `
<div
  className="container-fluid"
>
  <div
    className="row"
    id="topdash"
  >
    <div
      className="col-xl"
      id="buttondiv"
    >
      <nav
        className="navbar navbar-expand-lg navbar-light bg-light"
        id="topNavBar"
      >
        <ul
          className="navbar-nav"
        >
          <li
            className="nav-item"
          >
            <a
              className="nav-link active"
              data-toggle="tab"
              href="#itemDiv"
            >
              Items
            </a>
          </li>
          <li
            className="nav-item"
          >
            <a
              className="nav-link"
              data-toggle="tab"
              href="#npcDiv"
            >
              NPCs
            </a>
          </li>
        </ul>
        <p
          id="title"
        >
          
        </p>
        <ul
          className="navbar-nav ml-auto"
        >
          <select
            className="custom-select"
            id="areaDropdown"
            onChange={[Function]}
          >
            <option>
              Select Area
            </option>
          </select>
          <select
            className="custom-select"
            id="floorDropdown"
            onChange={[Function]}
          />
        </ul>
        <button
          className="btn btn-light dashbutton"
          id="saveButton"
          onClick={[Function]}
        >
          Save Area
        </button>
      </nav>
    </div>
  </div>
  <div
    className="row"
    id="reactgrid"
  >
    <div
      className="col-xl"
      onClick={[Function]}
    >
      <div
        className="react-grid-layout layout"
        style={
          Object {
            "height": "20px",
          }
        }
      />
    </div>
  </div>
  <div
    className="react-draggable"
    onMouseDown={[Function]}
    onMouseUp={[Function]}
    onTouchEnd={[Function]}
    onTouchStart={[Function]}
    style={
      Object {
        "touchAction": "none",
        "transform": "translate(0px,0px)",
      }
    }
    transform={null}
  />
  <div
    className="d-flex flex-row align-items-end justify-content-between"
    id="dashboard"
  >
    <div />
    <div
      className="tab-content"
      id="roomButtons"
    >
      <button
        className="btn btn-light dashbutton"
        id="deleteRoomButton"
        onClick={[Function]}
      >
        Delete Room
      </button>
      <button
        className="btn btn-light dashbutton"
        id="addRoomButton"
        onClick={[Function]}
      >
        Add Room
      </button>
    </div>
  </div>
</div>
`;
