// Jest Snapshot v1, https://goo.gl/fbAQLP

exports[`Test snapshot of component Snapshot has not changed 1`] = `
<div
  className="container-fluid"
>
  <div
    className="row"
    id="topdash"
  >
    <div
      className="col-xl"
      id="buttondiv"
    >
      <nav
        className="navbar navbar-expand-lg navbar-light bg-light"
        id="topNavBar"
      >
        <div
          className="container py-2"
        >
          <div
            className="row"
          >
            <div
              className="col"
            >
              <select
                className="custom-select"
                id="areaDropdown"
                onChange={[Function]}
              >
                <option
                  disabled={true}
                  hidden={true}
                  value=""
                >
                  Select Area
                </option>
              </select>
              <select
                className="custom-select"
                id="floorDropdown"
                onChange={[Function]}
                value={0}
              />
            </div>
            <div
              className="col"
            />
            <button
              className="btn btn-primary"
              disabled={false}
              onClick={[Function]}
              type="button"
            >
              Save Area
            </button>
            <div
              className="col"
            />
          </div>
        </div>
        <p
          id="title"
        />
        <ul
          className="navbar-nav ml-auto"
        />
      </nav>
    </div>
  </div>
  <div
    className="row"
    id="reactgrid"
  >
    <div
      className="col-sm-3"
      id="roomlist"
    >
      <ul
        className="nav nav-tabs"
      >
        <li
          className="nav-item"
        >
          <a
            className="nav-link active"
            onClick={[Function]}
          >
            Rooms
          </a>
        </li>
        <li
          className="nav-item"
        >
          <a
            className="nav-link "
            onClick={[Function]}
          >
            Npcs
          </a>
        </li>
        <li
          className="nav-item"
        >
          <a
            className="nav-link "
            onClick={[Function]}
          >
            Items
          </a>
        </li>
      </ul>
      <div>
        <p>
          Select an area to see rooms
        </p>
      </div>
    </div>
    <div
      className="col-xl"
    >
      <ul
        className="nav nav-tabs"
      >
        <li
          className="nav-item"
        >
          <a
            className="nav-link "
            onClick={[Function]}
          >
            AreaMap
          </a>
        </li>
        <li
          className="nav-item"
        >
          <a
            className="nav-link active"
            onClick={[Function]}
          >
            Edit
          </a>
        </li>
      </ul>
      <div />
    </div>
  </div>
  <div
    className="d-flex flex-row align-items-end justify-content-between"
    id="dashboard"
  >
    <div />
    <div
      className="tab-content"
      id="roomButtons"
    />
  </div>
</div>
`;
